// Jest Snapshot v1, https://goo.gl/fbAQLP

exports[`should render Button 1`] = `
<DocumentFragment>
  <button
    class="MuiButtonBase-root MuiButton-root MuiButton-text className"
    id="id"
    tabindex="0"
    type="button"
  >
    <span
      class="MuiButton-label"
    >
      Icon
    </span>
    <span
      class="MuiTouchRipple-root"
    />
  </button>
</DocumentFragment>
`;
