// Jest Snapshot v1, https://goo.gl/fbAQLP

exports[`<Code /> should render correctly 1`] = `
<Code
  className={null}
  language="json"
>
  <pre
    className="language-json"
  >
    <code
      dangerouslySetInnerHTML={
        Object {
          "__html": "{<span class=\\"hljs-attr\\">\\"foo\\"</span>:<span class=\\"hljs-string\\">\\"bar\\"</span>}",
        }
      }
    />
  </pre>
</Code>
`;
