// Jest Snapshot v1, https://goo.gl/fbAQLP

exports[`<Label /> should render correctly 1`] = `
<WithStyles(Label)
  status="default"
>
  <Label
    className={null}
    classes={
      Object {
        "default": "Label-default-7",
        "dense": "Label-dense-1",
        "disabled": "Label-disabled-3",
        "error": "Label-error-4",
        "info": "Label-info-8",
        "mini": "Label-mini-2",
        "success": "Label-success-5",
        "warning": "Label-warning-6",
      }
    }
    mini={false}
    status="default"
  >
    <WithStyles(ForwardRef(Button))
      className=""
      classes={
        Object {
          "disabled": "Label-default-7 Label-disabled-3",
          "sizeSmall": "Label-dense-1",
        }
      }
      disabled={true}
      size="small"
    >
      <ForwardRef(Button)
        className=""
        classes={
          Object {
            "colorInherit": "MuiButton-colorInherit",
            "contained": "MuiButton-contained",
            "containedPrimary": "MuiButton-containedPrimary",
            "containedSecondary": "MuiButton-containedSecondary",
            "containedSizeLarge": "MuiButton-containedSizeLarge",
            "containedSizeSmall": "MuiButton-containedSizeSmall",
            "disabled": "Mui-disabled Label-default-7 Label-disabled-3",
            "endIcon": "MuiButton-endIcon",
            "focusVisible": "Mui-focusVisible",
            "fullWidth": "MuiButton-fullWidth",
            "iconSizeLarge": "MuiButton-iconSizeLarge",
            "iconSizeMedium": "MuiButton-iconSizeMedium",
            "iconSizeSmall": "MuiButton-iconSizeSmall",
            "label": "MuiButton-label",
            "outlined": "MuiButton-outlined",
            "outlinedPrimary": "MuiButton-outlinedPrimary",
            "outlinedSecondary": "MuiButton-outlinedSecondary",
            "outlinedSizeLarge": "MuiButton-outlinedSizeLarge",
            "outlinedSizeSmall": "MuiButton-outlinedSizeSmall",
            "root": "MuiButton-root",
            "sizeLarge": "MuiButton-sizeLarge",
            "sizeSmall": "MuiButton-sizeSmall Label-dense-1",
            "startIcon": "MuiButton-startIcon",
            "text": "MuiButton-text",
            "textPrimary": "MuiButton-textPrimary",
            "textSecondary": "MuiButton-textSecondary",
            "textSizeLarge": "MuiButton-textSizeLarge",
            "textSizeSmall": "MuiButton-textSizeSmall",
          }
        }
        disabled={true}
        size="small"
      >
        <WithStyles(ForwardRef(ButtonBase))
          className="MuiButton-root MuiButton-text MuiButton-textSizeSmall MuiButton-sizeSmall Label-dense-1 Mui-disabled Label-default-7 Label-disabled-3"
          component="button"
          disabled={true}
          focusRipple={true}
          focusVisibleClassName="Mui-focusVisible"
          type="button"
        >
          <ForwardRef(ButtonBase)
            className="MuiButton-root MuiButton-text MuiButton-textSizeSmall MuiButton-sizeSmall Label-dense-1 Mui-disabled Label-default-7 Label-disabled-3"
            classes={
              Object {
                "disabled": "Mui-disabled",
                "focusVisible": "Mui-focusVisible",
                "root": "MuiButtonBase-root",
              }
            }
            component="button"
            disabled={true}
            focusRipple={true}
            focusVisibleClassName="Mui-focusVisible"
            type="button"
          >
            <button
              className="MuiButtonBase-root MuiButton-root MuiButton-text MuiButton-textSizeSmall MuiButton-sizeSmall Label-dense-1 Mui-disabled Label-default-7 Label-disabled-3 Mui-disabled"
              disabled={true}
              onBlur={[Function]}
              onDragLeave={[Function]}
              onFocus={[Function]}
              onKeyDown={[Function]}
              onKeyUp={[Function]}
              onMouseDown={[Function]}
              onMouseLeave={[Function]}
              onMouseUp={[Function]}
              onTouchEnd={[Function]}
              onTouchMove={[Function]}
              onTouchStart={[Function]}
              tabIndex={-1}
              type="button"
            >
              <span
                className="MuiButton-label"
              >
                Foo
              </span>
            </button>
          </ForwardRef(ButtonBase)>
        </WithStyles(ForwardRef(ButtonBase))>
      </ForwardRef(Button)>
    </WithStyles(ForwardRef(Button))>
  </Label>
</WithStyles(Label)>
`;
