// Jest Snapshot v1, https://goo.gl/fbAQLP

exports[`<MarkdownTextArea /> should render correctly 1`] = `
<MarkdownTextArea
  classes={
    Object {
      "markdown": "MarkdownTextArea-markdown-4",
      "markdownContainer": "MarkdownTextArea-markdownContainer-3",
      "tab": "MarkdownTextArea-tab-1",
      "tabContent": "MarkdownTextArea-tabContent-2",
    }
  }
  defaultTabIndex={0}
  markdownProps={null}
  onChange={null}
  placeholder={null}
  rows={5}
  value="[Foo](Bar)"
/>
`;
