// Jest Snapshot v1, https://goo.gl/fbAQLP

exports[`<Markdown /> should render correctly 1`] = `
<WithStyles(Markdown)>
  <Markdown
    classes={
      Object {
        "root": "Markdown-root-1",
      }
    }
  >
    <span
      className="Markdown-root-1"
      dangerouslySetInnerHTML={
        Object {
          "__html": "<p><a href=\\"Bar\\" target=\\"_blank\\" rel=\\"noopener noreferrer\\">Foo</a></p>
",
        }
      }
    />
  </Markdown>
</WithStyles(Markdown)>
`;
