// Jest Snapshot v1, https://goo.gl/fbAQLP

exports[`<Spinner /> should render correctly 1`] = `
<WithStyles(Spinner)
  loading={true}
>
  <Spinner
    className={null}
    classes={
      Object {
        "center": "Spinner-center-1",
      }
    }
    color="primary"
    loading={true}
  >
    <div
      className="Spinner-center-1"
    >
      <WithStyles(ForwardRef(CircularProgress))
        className={null}
        color="primary"
      >
        <ForwardRef(CircularProgress)
          className={null}
          classes={
            Object {
              "circle": "MuiCircularProgress-circle",
              "circleDisableShrink": "MuiCircularProgress-circleDisableShrink",
              "circleIndeterminate": "MuiCircularProgress-circleIndeterminate",
              "circleStatic": "MuiCircularProgress-circleStatic",
              "colorPrimary": "MuiCircularProgress-colorPrimary",
              "colorSecondary": "MuiCircularProgress-colorSecondary",
              "indeterminate": "MuiCircularProgress-indeterminate",
              "root": "MuiCircularProgress-root",
              "static": "MuiCircularProgress-static",
              "svg": "MuiCircularProgress-svg",
            }
          }
          color="primary"
        >
          <div
            className="MuiCircularProgress-root MuiCircularProgress-colorPrimary MuiCircularProgress-indeterminate"
            role="progressbar"
            style={
              Object {
                "height": 40,
                "width": 40,
              }
            }
          >
            <svg
              className="MuiCircularProgress-svg"
              viewBox="22 22 44 44"
            >
              <circle
                className="MuiCircularProgress-circle MuiCircularProgress-circleIndeterminate"
                cx={44}
                cy={44}
                fill="none"
                r={20.2}
                strokeWidth={3.6}
                style={Object {}}
              />
            </svg>
          </div>
        </ForwardRef(CircularProgress)>
      </WithStyles(ForwardRef(CircularProgress))>
    </div>
  </Spinner>
</WithStyles(Spinner)>
`;
