// Vitest Snapshot v1, https://vitest.dev/guide/snapshot.html

exports[`should render AuthConsent page 1`] = `
<DocumentFragment>
  <form
    action="/login/oauth/authorize/decision"
    method="post"
  >
    <input
      name="transaction_id"
      type="hidden"
      value="transactionID"
    />
    <input
      name="scope"
      type="hidden"
      value="scopes"
    />
    <input
      name="clientId"
      type="hidden"
      value="clientId"
    />
    <div>
      <div
        class="MuiCardHeader-root AuthConsent2-header-1"
      >
        <div
          class="MuiCardHeader-avatar"
        >
          <img
            alt="Logo"
            height="40"
            src="/src/images/brandLogo.png"
          />
        </div>
        <div
          class="MuiCardHeader-content"
        >
          <span
            class="MuiTypography-root MuiCardHeader-title MuiTypography-body2 MuiTypography-displayBlock"
          >
            registeredClientId
          </span>
          <span
            class="MuiTypography-root MuiCardHeader-subheader MuiTypography-body2 MuiTypography-colorTextSecondary MuiTypography-displayBlock"
          >
            <span>
              is requesting access to client ID 
              <code>
                clientId
              </code>
            </span>
          </span>
        </div>
      </div>
      <div
        class="MuiPaper-root MuiAccordion-root Mui-expanded MuiAccordion-rounded MuiPaper-elevation2 MuiPaper-rounded"
      >
        <div
          aria-controls="panel1a-content"
          aria-disabled="false"
          aria-expanded="true"
          class="MuiButtonBase-root MuiAccordionSummary-root Mui-expanded"
          id="panel1a-header"
          role="button"
          tabindex="0"
        >
          <div
            class="MuiAccordionSummary-content Mui-expanded"
          >
            <p
              class="MuiTypography-root MuiTypography-body2"
            >
              Client Details
            </p>
          </div>
          <div
            aria-disabled="false"
            aria-hidden="true"
            class="MuiButtonBase-root MuiIconButton-root MuiAccordionSummary-expandIcon Mui-expanded MuiIconButton-edgeEnd"
          >
            <span
              class="MuiIconButton-label"
            >
              <svg
                class="mdi-icon "
                fill="currentColor"
                height="24"
                viewBox="0 0 24 24"
                width="24"
              >
                <path
                  d="M7.41,8.58L12,13.17L16.59,8.58L18,10L12,16L6,10L7.41,8.58Z"
                />
              </svg>
            </span>
            <span
              class="MuiTouchRipple-root"
            />
          </div>
        </div>
        <div
          class="MuiCollapse-root MuiCollapse-entered"
          style="min-height: 0px;"
        >
          <div
            class="MuiCollapse-wrapper"
          >
            <div
              class="MuiCollapse-wrapperInner"
            >
              <div
                aria-labelledby="panel1a-header"
                id="panel1a-content"
                role="region"
              >
                <div
                  class="MuiAccordionDetails-root"
                >
                  <ul
                    class="MuiList-root AuthConsent2-list-2 MuiList-padding"
                  >
                    <li
                      class="MuiListItem-root MuiListItem-gutters"
                    >
                      <div
                        class="MuiListItemText-root MuiListItemText-multiline"
                      >
                        <span
                          class="MuiTypography-root MuiListItemText-primary MuiTypography-body1 MuiTypography-displayBlock"
                        >
                          Description
                        </span>
                        <p
                          class="MuiTypography-root MuiListItemText-secondary MuiTypography-body2 MuiTypography-colorTextSecondary MuiTypography-displayBlock"
                        />
                        <div
                          class="MuiFormControl-root MuiTextField-root MuiFormControl-fullWidth"
                        >
                          <div
                            class="MuiInputBase-root MuiInput-root MuiInput-underline MuiInputBase-colorSecondary MuiInput-colorSecondary MuiInputBase-fullWidth MuiInput-fullWidth MuiInputBase-formControl MuiInput-formControl MuiInputBase-multiline MuiInput-multiline"
                          >
                            <textarea
                              aria-invalid="false"
                              class="MuiInputBase-input MuiInput-input MuiInputBase-inputMultiline MuiInput-inputMultiline"
                              name="description"
                              rows="5"
                            >
                              description
                            </textarea>
                          </div>
                        </div>
                        <p />
                      </div>
                    </li>
                    <li
                      class="MuiListItem-root MuiListItem-gutters"
                    >
                      <div
                        class="MuiListItemText-root MuiListItemText-multiline"
                      >
                        <span
                          class="MuiTypography-root MuiListItemText-primary MuiTypography-body1 MuiTypography-displayBlock"
                        >
                          Expires
                        </span>
                        <p
                          class="MuiTypography-root MuiListItemText-secondary MuiTypography-body2 MuiTypography-colorTextSecondary MuiTypography-displayBlock"
                        />
                        <div
                          class="MuiFormControl-root MuiTextField-root DatePicker2-datePicker-6"
                        >
                          <div
                            class="MuiInputBase-root MuiInput-root MuiInput-underline MuiInputBase-colorSecondary MuiInput-colorSecondary MuiInputBase-formControl MuiInput-formControl MuiInputBase-adornedEnd"
                          >
                            <input
                              aria-invalid="false"
                              class="MuiInputBase-input MuiInput-input MuiInputBase-inputAdornedEnd"
                              name="expires"
                              type="text"
                              value="2022/02/02 01:00 AM"
                            />
                            <div
                              class="MuiInputAdornment-root MuiInputAdornment-positionEnd"
                            >
                              <button
                                class="MuiButtonBase-root MuiIconButton-root"
                                tabindex="0"
                                type="button"
                              >
                                <span
                                  class="MuiIconButton-label"
                                >
                                  <svg
                                    class="mdi-icon "
                                    fill="currentColor"
                                    height="24"
                                    viewBox="0 0 24 24"
                                    width="24"
                                  >
                                    <path
                                      d="M19,19H5V8H19M16,1V3H8V1H6V3H5C3.89,3 3,3.89 3,5V19A2,2 0 0,0 5,21H19A2,2 0 0,0 21,19V5C21,3.89 20.1,3 19,3H18V1M17,12H12V17H17V12Z"
                                    />
                                  </svg>
                                </span>
                                <span
                                  class="MuiTouchRipple-root"
                                />
                              </button>
                            </div>
                          </div>
                        </div>
                        <p />
                      </div>
                    </li>
                    <li
                      class="MuiListItem-root MuiListItem-gutters"
                    >
                      <div
                        class="MuiListItemText-root MuiListItemText-multiline"
                      >
                        <span
                          class="MuiTypography-root MuiListItemText-primary MuiTypography-body1 MuiTypography-displayBlock"
                        >
                          Scopes
                        </span>
                        <p
                          class="MuiTypography-root MuiListItemText-secondary MuiTypography-body2 MuiTypography-colorTextSecondary MuiTypography-displayBlock"
                        />
                        <div
                          class="MuiFormControl-root MuiTextField-root MuiFormControl-fullWidth"
                          spellcheck="false"
                        >
                          <div
                            class="MuiInputBase-root MuiInput-root MuiInput-underline MuiInputBase-colorSecondary MuiInput-colorSecondary MuiInputBase-fullWidth MuiInput-fullWidth MuiInputBase-formControl MuiInput-formControl MuiInputBase-multiline MuiInput-multiline"
                          >
                            <textarea
                              aria-invalid="false"
                              class="MuiInputBase-input MuiInput-input MuiInputBase-inputMultiline MuiInput-inputMultiline"
                              placeholder="new-scope:for-something:*"
                              rows="1"
                              style="height: 0px; overflow: hidden;"
                            >
                              scopes
                            </textarea>
                            <textarea
                              aria-hidden="true"
                              class="MuiInputBase-input MuiInput-input MuiInputBase-inputMultiline MuiInput-inputMultiline"
                              readonly=""
                              style="visibility: hidden; position: absolute; overflow: hidden; height: 0px; top: 0px; left: 0px; transform: translateZ(0); width: 100%;"
                              tabindex="-1"
                            />
                          </div>
                          <p
                            class="MuiFormHelperText-root MuiFormHelperText-filled"
                          >
                            Enter each scope on its own line
                          </p>
                        </div>
                        <p />
                      </div>
                    </li>
                  </ul>
                </div>
              </div>
            </div>
          </div>
        </div>
      </div>
    </div>
    <span
      class="AuthConsent2-fab-3 AuthConsent2-denySpanProps-5"
      title="Deny"
    >
      <button
        class="MuiButtonBase-root MuiFab-root MuiFab-secondary"
        name="cancel"
        tabindex="0"
        type="submit"
        value="Deny"
      >
        <span
          class="MuiFab-label"
        >
          <svg
            class="mdi-icon "
            fill="secondary"
            height="24"
            viewBox="0 0 24 24"
            width="24"
          >
            <path
              d="M19,6.41L17.59,5L12,10.59L6.41,5L5,6.41L10.59,12L5,17.59L6.41,19L12,13.41L17.59,19L19,17.59L13.41,12L19,6.41Z"
            />
          </svg>
        </span>
        <span
          class="MuiTouchRipple-root"
        />
      </button>
    </span>
    <span
      class="AuthConsent2-fab-3"
      title="Allow"
    >
      <button
        class="MuiButtonBase-root MuiFab-root AuthConsent2-allowIcon-4"
        tabindex="0"
        type="submit"
      >
        <span
          class="MuiFab-label"
        >
          <svg
            class="mdi-icon "
            fill="currentColor"
            height="24"
            viewBox="0 0 24 24"
            width="24"
          >
            <path
              d="M21,7L9,19L3.5,13.5L4.91,12.09L9,16.17L19.59,5.59L21,7Z"
            />
          </svg>
        </span>
        <span
          class="MuiTouchRipple-root"
        />
      </button>
    </span>
  </form>
</DocumentFragment>
`;
